============================================================
  Trial Execution Plan
============================================================

  Workflow: test-workflow
  Status: Ready

!!!!!!!!!!!!!!!!!!!!!!!!!!!!!!!!!!!!!!!
  ⚠️ WARNING: Large workflow file
!!!!!!!!!!!!!!!!!!!!!!!!!!!!!!!!!!!!!!!